Microchip MPLAB XC8 Compiler V2.50

Linker command line:

-W-3 \
  --edf=D:\Program Files\Microchip\xc8\v2.50\pic\dat\20240725155939_en.msgs \
  -cn -h+dist/default/production\acionador_foguete.X.production.sym \
  --cmf=dist/default/production\acionador_foguete.X.production.cmf -z \
  -Q16F84 -oC:\Users\arthu\AppData\Local\Temp\xcAsa3g.\driver_tmp_3.o \
  --defsym=__MPLAB_BUILD=1 --fixupoverflow=error \
  -Mdist/default/production/acionador_foguete.X.production.map \
  --md=C:\Users\arthu\AppData\Local\Temp\xcAsa3g.\driver_tmp_0.dat -E1 \
  -ver=XC8 Compiler --acfsm=1493 -ACODE=00h-03FFh -ASTRCODE=00h-03FFh \
  -ASTRING=00h-0FFhx4 -ACONST=00h-0FFhx4 -AENTRY=00h-0FFhx4 \
  -ABANK0=0Ch-04Dh -ARAM=0Ch-04Dh -AABS1=0Ch-04Fh -ACOMMON=04Eh-04Fh \
  -ASFR0=00h-0Bh -ASFR1=080h-0CDh -ACONFIG=02007h-02007h -DCONFIG=2 \
  -AIDLOC=02000h-02003h -DIDLOC=2 -AEEDATA=00h-03Fh/02100h \
  -peeprom_data=EEDATA -DEEDATA=2 -DCODE=2 -DSTRCODE=2 -DSTRING=2 -DCONST=2 \
  -DENTRY=2 -preset_vec=00h,intentry=04h,sivt,init,end_init -ppowerup=CODE \
  -pcinit=CODE -pfunctab=ENTRY -k \
  C:\Users\arthu\AppData\Local\Temp\xcAsa3g.\driver_tmp_12.o \
  dist/default/production\acionador_foguete.X.production.o 

Object code version is 3.11

Machine type is 16F84



                Name                               Link     Load   Length Selector   Space Scale
C:\Users\arthu\AppData\Local\Temp\xcAsa3g.\driver_tmp_12.o
                end_init                              B        B        1        8       0
                reset_vec                             0        0        1        0       0
                config                             2007     2007        1        0       4
dist/default/production\acionador_foguete.X.production.o
                cinit                                 C        C        5        8       0
                intentry                              4        4        7        8       0
                config                             2007     2007        1        0       4
                text3                               154      154       1B        8       0
                text2                               118      118       3C        8       0
                text1                                C5       C5       53        8       0
                maintext                             11       11       B4        8       0
                cstackBANK0                           C        C        B        C       1
                dataBANK0                            18       18        1        C       1
                bssBANK0                             17       17        1        C       1
                idataBANK0                          16F      16F        1        8       0

TOTAL           Name                               Link     Load   Length     Space
        CLASS   CODE           
                end_init                              B        B        1         0
                cinit                                 C        C        5         0
                intentry                              4        4        7         0
                reset_vec                             0        0        1         0
                text3                               154      154       1B         0
                text2                               118      118       3C         0
                text1                                C5       C5       53         0
                maintext                             11       11       B4         0
                idataBANK0                          16F      16F        1         0

        CLASS   STRCODE        

        CLASS   STRING         

        CLASS   CONST          

        CLASS   ENTRY          

        CLASS   BANK0          
                cstackBANK0                           C        C        B         1
                dataBANK0                            18       18        1         1
                bssBANK0                             17       17        1         1

        CLASS   RAM            

        CLASS   ABS1           
                abs_s1                               4E       4E        2         1

        CLASS   COMMON         

        CLASS   SFR0           

        CLASS   SFR1           

        CLASS   CONFIG         
                config                             2007     2007        1         4

        CLASS   IDLOC          

        CLASS   EEDATA         

        CLASS   BANK1          

        CLASS   HEAP           

        CLASS   STACK          



SEGMENTS        Name                           Load    Length   Top    Selector   Space  Class     Delta

                reset_vec                      000000  000001  000001         0       0  CODE        2
                intentry                       000004  00016C  000170         8       0  CODE        2
                cstackBANK0                    00000C  00000D  000019         C       1  BANK0       1


UNUSED ADDRESS RANGES

        Name                Unused          Largest block    Delta
        BANK0            0019-004D             35           1
        CODE             0001-0003              3           2
                         0170-03FF            290
        CONST            0001-0003              3           2
                         0170-03FF            100
        EEDATA           2100-213F             40           2
        ENTRY            0001-0003              3           2
                         0170-03FF            100
        IDLOC            2000-2003              4           2
        RAM              0019-004D             35           1
        SFR0             0000-000B              C           1
        SFR1             0080-00CD             4E           1
        STRCODE          0001-0003              3           2
                         0170-03FF            290
        STRING           0001-0003              3           2
                         0170-03FF            100

                                  Symbol Table

_INTCONbits               (abs)        000B
_OPTION_REGbits           (abs)        0081
_PORTAbits                (abs)        0005
_PORTBbits                (abs)        0006
_TRISA                    (abs)        0085
_TRISB                    (abs)        0086
__H__absolute__           __absolute__ 0000
__Habs1                   abs1         0000
__Hbank0                  bank0        0000
__Hbank1                  bank1        0000
__HbssBANK0               bssBANK0     0000
__Hcinit                  cinit        0011
__Hclrtext                clrtext      0000
__Hcode                   code         0000
__Hcommon                 common       0000
__Hconfig                 config       2008
__HcstackBANK0            cstackBANK0  0000
__HdataBANK0              dataBANK0    0000
__Heeprom_data            eeprom_data  0000
__Hend_init               end_init     000C
__Hfunctab                functab      0000
__Hheap                   heap         0000
__HidataBANK0             idataBANK0   0000
__Hinit                   init         000B
__Hintentry               intentry     000B
__Hmaintext               maintext     0000
__Hpowerup                powerup      0000
__Hram                    ram          0000
__Hreset_vec              reset_vec    0001
__Hsfr0                   sfr0         0000
__Hsfr1                   sfr1         0000
__Hsivt                   sivt         000B
__Hspace_0                (abs)        0170
__Hspace_1                (abs)        0019
__Hspace_2                (abs)        0000
__Hspace_3                (abs)        0000
__Hspace_4                (abs)        400F
__Hstack                  stack        0000
__Hstrings                strings      0000
__Htext                   text         0000
__L__absolute__           __absolute__ 0000
__Labs1                   abs1         0000
__Lbank0                  bank0        0000
__Lbank1                  bank1        0000
__LbssBANK0               bssBANK0     0000
__Lcinit                  cinit        000C
__Lclrtext                clrtext      0000
__Lcode                   code         0000
__Lcommon                 common       0000
__Lconfig                 config       0000
__LcstackBANK0            cstackBANK0  0000
__LdataBANK0              dataBANK0    0000
__Leeprom_data            eeprom_data  0000
__Lend_init               end_init     000B
__Lfunctab                functab      0000
__Lheap                   heap         0000
__LidataBANK0             idataBANK0   0000
__Linit                   init         000B
__Lintentry               intentry     0004
__Lmaintext               maintext     0000
__Lpowerup                powerup      0000
__Lram                    ram          0000
__Lreset_vec              reset_vec    0000
__Lsfr0                   sfr0         0000
__Lsfr1                   sfr1         0000
__Lsivt                   sivt         000B
__Lspace_0                (abs)        0000
__Lspace_1                (abs)        0000
__Lspace_2                (abs)        0000
__Lspace_3                (abs)        0000
__Lspace_4                (abs)        0000
__Lstack                  stack        0000
__Lstrings                strings      0000
__Ltext                   text         0000
__S0                      (abs)        0170
__S1                      (abs)        0019
__S3                      (abs)        0000
___heap_hi                (abs)        0000
___heap_lo                (abs)        0000
___int_sp                 stack        0000
___int_stack_hi           stack        0000
___int_stack_lo           stack        0000
___latbits                (abs)        0000
___sp                     stack        0000
___stack_hi               stack        0000
___stack_lo               stack        0000
___stackhi                (abs)        0000
___stacklo                (abs)        0000
__end_of__initialization  cinit        000F
__end_of_isr              text3        016F
__end_of_main             maintext     00C5
__end_of_showNumber       text2        0154
__end_of_triggerCountdown text1        0118
__initialization          cinit        000C
__pbssBANK0               bssBANK0     0017
__pcstackBANK0            cstackBANK0  000C
__pdataBANK0              dataBANK0    0018
__pidataBANK0             idataBANK0   016F
__pintentry               intentry     0004
__pmaintext               maintext     0011
__ptext1                  text1        00C5
__ptext2                  text2        0118
__ptext3                  text3        0154
_counter                  bssBANK0     0017
_counter_value            dataBANK0    0018
_isr                      text3        0154
_main                     maintext     0011
_showNumber               text2        0118
_triggerCountdown         text1        00C5
btemp                     (abs)        004E
end_of_initialization     cinit        000F
interrupt_function        intentry     0004
intlevel0                 functab      0000
intlevel1                 functab      0000
intlevel2                 functab      0000
intlevel3                 functab      0000
intlevel4                 functab      0000
intlevel5                 functab      0000
reset_vec                 reset_vec    0000
saved_w                   (abs)        004E
showNumber@n              cstackBANK0  0010
start                     init         000B
start_initialization      cinit        000C
wtemp0                    (abs)        004E


MODULE INFORMATION

Module		Function		Class		Link	Load	Size
shared
		__initialization		CODE           	000C	0000	3

shared estimated size: 3

main.c
		_showNumber    		CODE           	0118	0000	60
		_triggerCountdown		CODE           	00C5	0000	83
		_main          		CODE           	0011	0000	180
		_isr           		CODE           	0154	0000	27

main.c estimated size: 350

