Microchip MPLAB XC8 Compiler V3.00

Linker command line:

-W-3 \
  --edf=C:\Program Files\Microchip\xc8\v3.00\pic\dat\20241204225717_en.msgs \
  -cn -h+dist/default/production\relogio.X.production.sym \
  --cmf=dist/default/production\relogio.X.production.cmf -z -Q16F877A \
  -oC:\Users\Arthur\AppData\Local\Temp\xcAs8jc.\driver_tmp_3.o \
  --defsym=__MPLAB_BUILD=1 --fixupoverflow=error \
  -Mdist/default/production/relogio.X.production.map \
  --md=C:\Users\Arthur\AppData\Local\Temp\xcAs8jc.\driver_tmp_0.dat -E1 \
  -ver=XC8 Compiler -ACODE=00h-07FFhx4 -ASTRCODE=00h-01FFFh \
  -ASTRING=00h-0FFhx32 -ACONST=00h-0FFhx32 -AENTRY=00h-0FFhx32 \
  -ACOMMON=070h-07Fh -ABANK0=020h-06Fh -ABANK1=0A0h-0EFh \
  -ABANK2=0110h-016Fh -ABANK3=0190h-01EFh \
  -ARAM=020h-06Fh,0A0h-0EFh,0110h-016Fh,0190h-01EFh \
  -AABS1=020h-07Fh,0A0h-0EFh,0110h-016Fh,0190h-01EFh -ASFR0=00h-01Fh \
  -ASFR1=080h-09Fh -ASFR2=0100h-010Fh -ASFR3=0180h-018Fh \
  -ACONFIG=02007h-02007h -DCONFIG=2 -AIDLOC=02000h-02003h -DIDLOC=2 \
  -AEEDATA=00h-0FFh/02100h -peeprom_data=EEDATA -DEEDATA=2 -DCODE=2 \
  -DSTRCODE=2 -DSTRING=2 -DCONST=2 -DENTRY=2 \
  -preset_vec=00h,intentry,sivt,init,end_init -ppowerup=CODE -pcinit=CODE \
  -pfunctab=ENTRY -k \
  C:\Users\Arthur\AppData\Local\Temp\xcAs8jc.\driver_tmp_12.o \
  dist/default/production\relogio.X.production.o 

Object code version is 3.11

Machine type is 16F877A



                Name                               Link     Load   Length Selector   Space Scale
C:\Users\Arthur\AppData\Local\Temp\xcAs8jc.\driver_tmp_12.o
                end_init                              0        0        3        0       0
                config                             2007     2007        1        0       4
dist/default/production\relogio.X.production.o
                cinit                               7FB      7FB        5      FF6       0
                config                             2007     2007        1        0       4
                text10                              6BA      6BA        E      D74       0
                text9                               6AE      6AE        C      D5C       0
                text8                               6FD      6FD       1C      DFA       0
                text7                               6E5      6E5       18      DCA       0
                text6                               6C8      6C8        E      D90       0
                text5                               6A7      6A7        7      D4E       0
                text4                               7A9      7A9       52      F52       0
                text3                               6D6      6D6        F      DAC       0
                text2                               719      719       1C      E32       0
                text1                               735      735       24      E6A       0
                maintext                            759      759       50      EB2       0
                cstackCOMMON                         70       70        9       70       1
                bssCOMMON                            79       79        1       70       1
                strings                               3        3       1E        6       0

TOTAL           Name                               Link     Load   Length     Space
        CLASS   CODE           
                end_init                              0        0        3         0
                cinit                               7FB      7FB        5         0
                text10                              6BA      6BA        E         0
                text9                               6AE      6AE        C         0
                text8                               6FD      6FD       1C         0
                text7                               6E5      6E5       18         0
                text6                               6C8      6C8        E         0
                text5                               6A7      6A7        7         0
                text4                               7A9      7A9       52         0
                text3                               6D6      6D6        F         0
                text2                               719      719       1C         0
                text1                               735      735       24         0
                maintext                            759      759       50         0

        CLASS   STRCODE        

        CLASS   STRING         
                strings                               3        3       1E         0

        CLASS   CONST          

        CLASS   ENTRY          

        CLASS   COMMON         
                cstackCOMMON                         70       70        9         1
                bssCOMMON                            79       79        1         1

        CLASS   BANK0          

        CLASS   BANK1          

        CLASS   BANK2          

        CLASS   BANK3          

        CLASS   RAM            

        CLASS   ABS1           
                abs_s1                               7E       7E        2         1

        CLASS   SFR0           

        CLASS   SFR1           

        CLASS   SFR2           

        CLASS   SFR3           

        CLASS   CONFIG         
                config                             2007     2007        1         4

        CLASS   IDLOC          

        CLASS   EEDATA         

        CLASS   HEAP           

        CLASS   STACK          



SEGMENTS        Name                           Load    Length   Top    Selector   Space  Class     Delta

                reset_vec                      000000  000003  000003         0       0  CODE        2
                strings                        000003  00001E  000021         6       0  STRING      2
                cstackCOMMON                   000070  00000A  00007A        70       1  COMMON      1
                text5                          0006A7  000007  0006AE       D4E       0  CODE        2
                text9                          0006AE  00000C  0006BA       D5C       0  CODE        2
                text10                         0006BA  00000E  0006C8       D74       0  CODE        2
                text6                          0006C8  00000E  0006D6       D90       0  CODE        2
                text3                          0006D6  00000F  0006E5       DAC       0  CODE        2
                text7                          0006E5  000018  0006FD       DCA       0  CODE        2
                text8                          0006FD  00001C  000719       DFA       0  CODE        2
                text2                          000719  00001C  000735       E32       0  CODE        2
                text1                          000735  000024  000759       E6A       0  CODE        2
                maintext                       000759  000050  0007A9       EB2       0  CODE        2
                text4                          0007A9  000052  0007FB       F52       0  CODE        2
                cinit                          0007FB  000005  000800       FF6       0  CODE        2


UNUSED ADDRESS RANGES

        Name                Unused          Largest block    Delta
        BANK0            0020-006F             50           1
        BANK1            00A0-00EF             50           1
        BANK2            0110-016F             60           1
        BANK3            0190-01EF             60           1
        CODE             0021-06A6            686           2
                         0800-1FFF            800
        COMMON           007A-007D              4           1
        CONST            0021-06A6            100           2
                         0800-1FFF            100
        EEDATA           2100-21FF            100           2
        ENTRY            0021-06A6            100           2
                         0800-1FFF            100
        IDLOC            2000-2003              4           2
        RAM              0020-006F             50           1
                         00A0-00EF             50
                         0110-016F             60
                         0190-01EF             60
        SFR0             0000-001F             20           1
        SFR1             0080-009F             20           1
        SFR2             0100-010F             10           1
        SFR3             0180-018F             10           1
        STRCODE          0021-06A6            686           2
                         0800-1FFF           1800
        STRING           0021-06A6            100           2
                         0800-1FFF            100

                                  Symbol Table

_PORTAbits                (abs)        0005
_PORTB                    (abs)        0006
_PORTBbits                (abs)        0006
_PORTDbits                (abs)        0008
_TRISAbits                (abs)        0085
_TRISB                    (abs)        0086
_TRISDbits                (abs)        0088
__H__absolute__           __absolute__ 0000
__Habs1                   abs1         0000
__Hbank0                  bank0        0000
__Hbank1                  bank1        0000
__Hbank2                  bank2        0000
__Hbank3                  bank3        0000
__HbssCOMMON              bssCOMMON    0000
__Hcinit                  cinit        0800
__Hclrtext                clrtext      0000
__Hcode                   code         0000
__Hcommon                 common       0000
__Hconfig                 config       2008
__HcstackCOMMON           cstackCOMMON 0000
__Heeprom_data            eeprom_data  0000
__Hend_init               end_init     0003
__Hfunctab                functab      0000
__Hheap                   heap         0000
__Hinit                   init         0000
__Hintentry               intentry     0000
__Hmaintext               maintext     0000
__Hpowerup                powerup      0000
__Hram                    ram          0000
__Hreset_vec              reset_vec    0000
__Hsfr0                   sfr0         0000
__Hsfr1                   sfr1         0000
__Hsfr2                   sfr2         0000
__Hsfr3                   sfr3         0000
__Hsivt                   sivt         0000
__Hspace_0                (abs)        0800
__Hspace_1                (abs)        007A
__Hspace_2                (abs)        0000
__Hspace_3                (abs)        0000
__Hspace_4                (abs)        400F
__Hstack                  stack        0000
__Hstrings                strings      0000
__Htext                   text         0000
__L__absolute__           __absolute__ 0000
__Labs1                   abs1         0000
__Lbank0                  bank0        0000
__Lbank1                  bank1        0000
__Lbank2                  bank2        0000
__Lbank3                  bank3        0000
__LbssCOMMON              bssCOMMON    0000
__Lcinit                  cinit        07FB
__Lclrtext                clrtext      0000
__Lcode                   code         0000
__Lcommon                 common       0000
__Lconfig                 config       0000
__LcstackCOMMON           cstackCOMMON 0000
__Leeprom_data            eeprom_data  0000
__Lend_init               end_init     0000
__Lfunctab                functab      0000
__Lheap                   heap         0000
__Linit                   init         0000
__Lintentry               intentry     0000
__Lmaintext               maintext     0000
__Lpowerup                powerup      0000
__Lram                    ram          0000
__Lreset_vec              reset_vec    0000
__Lsfr0                   sfr0         0000
__Lsfr1                   sfr1         0000
__Lsfr2                   sfr2         0000
__Lsfr3                   sfr3         0000
__Lsivt                   sivt         0000
__Lspace_0                (abs)        0000
__Lspace_1                (abs)        0000
__Lspace_2                (abs)        0000
__Lspace_3                (abs)        0000
__Lspace_4                (abs)        0000
__Lstack                  stack        0000
__Lstrings                strings      0000
__Ltext                   text         0000
__S0                      (abs)        0800
__S1                      (abs)        007A
__S3                      (abs)        0000
___heap_hi                (abs)        0000
___heap_lo                (abs)        0000
___int_sp                 stack        0000
___int_stack_hi           stack        0000
___int_stack_lo           stack        0000
___latbits                (abs)        0002
___sp                     stack        0000
___stack_hi               stack        0000
___stack_lo               stack        0000
___stackhi                (abs)        0000
___stacklo                (abs)        0000
__display_control_state   bssCOMMON    0079
__end_of__initialization  cinit        07FC
__end_of__stringtab       strings      0009
__end_of_lcd_backlight    text10       06C8
__end_of_lcd_clear        text5        06AE
__end_of_lcd_init         text4        07FB
__end_of_lcd_puts         text2        0735
__end_of_lcd_send         text8        0719
__end_of_lcd_send_command text6        06D6
__end_of_lcd_send_data    text3        06E5
__end_of_lcd_set_cursor   text1        0759
__end_of_lcd_wait         text7        06FD
__end_of_main             maintext     07A9
__end_of_pulse_enable     text9        06BA
__initialization          cinit        07FB
__pbssCOMMON              bssCOMMON    0079
__pcstackCOMMON           cstackCOMMON 0070
__pmaintext               maintext     0759
__pstrings                strings      0003
__ptext1                  text1        0735
__ptext10                 text10       06BA
__ptext2                  text2        0719
__ptext3                  text3        06D6
__ptext4                  text4        07A9
__ptext5                  text5        06A7
__ptext6                  text6        06C8
__ptext7                  text7        06E5
__ptext8                  text8        06FD
__ptext9                  text9        06AE
__stringbase              strings      0008
__stringtab               strings      0003
_lcd_backlight            text10       06BA
_lcd_clear                text5        06A7
_lcd_init                 text4        07A9
_lcd_puts                 text2        0719
_lcd_send                 text8        06FD
_lcd_send_command         text6        06C8
_lcd_send_data            text3        06D6
_lcd_set_cursor           text1        0735
_lcd_wait                 text7        06E5
_main                     maintext     0759
_pulse_enable             text9        06AE
btemp                     (abs)        007E
end_of_initialization     cinit        07FC
intlevel0                 functab      0000
intlevel1                 functab      0000
intlevel2                 functab      0000
intlevel3                 functab      0000
intlevel4                 functab      0000
intlevel5                 functab      0000
lcd_backlight@state       cstackCOMMON 0070
lcd_puts@s                cstackCOMMON 0074
lcd_send@byte             cstackCOMMON 0072
lcd_send@mode             cstackCOMMON 0071
lcd_send_command@cmd      cstackCOMMON 0073
lcd_send_data@data        cstackCOMMON 0073
lcd_set_cursor@col        cstackCOMMON 0074
lcd_set_cursor@row        cstackCOMMON 0075
reset_vec                 reset_vec    0000
start                     init         0000
start_initialization      cinit        07FB
wtemp0                    (abs)        007E


MODULE INFORMATION

Module		Function		Class		Link	Load	Size
shared
		__stringtab    		STRING         	0003	0000	6
		__initialization		CODE           	07FB	0000	1

shared estimated size: 7

main.c
		_main          		CODE           	0759	0000	80

main.c estimated size: 80

LCD.c
		_lcd_send      		CODE           	06FD	0000	28
		_lcd_send_command		CODE           	06C8	0000	14
		_lcd_puts      		CODE           	0719	0000	28
		_lcd_send_data 		CODE           	06D6	0000	15
		_lcd_backlight 		CODE           	06BA	0000	14
		_lcd_set_cursor		CODE           	0735	0000	36
		_lcd_clear     		CODE           	06A7	0000	7
		_lcd_wait      		CODE           	06E5	0000	24
		_pulse_enable  		CODE           	06AE	0000	12
		_lcd_init      		CODE           	07A9	0000	82

LCD.c estimated size: 260

