Microchip MPLAB XC8 Compiler V2.50

Linker command line:

-W-3 \
  --edf=D:\Program Files\Microchip\xc8\v2.50\pic\dat\20240725155939_en.msgs \
  -cn -h+dist/default/production\carga_eletronica.X.production.sym \
  --cmf=dist/default/production\carga_eletronica.X.production.cmf -z \
  -Q16F877A -oC:\Users\arthu\AppData\Local\Temp\xcAs2hk.\driver_tmp_3.o \
  --defsym=__MPLAB_BUILD=1 --fixupoverflow=error \
  -Mdist/default/production/carga_eletronica.X.production.map \
  --md=C:\Users\arthu\AppData\Local\Temp\xcAs2hk.\driver_tmp_0.dat -E1 \
  -ver=XC8 Compiler --acfsm=1493 -ACODE=00h-07FFhx4 -ASTRCODE=00h-01FFFh \
  -ASTRING=00h-0FFhx32 -ACONST=00h-0FFhx32 -AENTRY=00h-0FFhx32 \
  -ACOMMON=070h-07Fh -ABANK0=020h-06Fh -ABANK1=0A0h-0EFh \
  -ABANK2=0110h-016Fh -ABANK3=0190h-01EFh \
  -ARAM=020h-06Fh,0A0h-0EFh,0110h-016Fh,0190h-01EFh \
  -AABS1=020h-07Fh,0A0h-0EFh,0110h-016Fh,0190h-01EFh -ASFR0=00h-01Fh \
  -ASFR1=080h-09Fh -ASFR2=0100h-010Fh -ASFR3=0180h-018Fh \
  -ACONFIG=02007h-02007h -DCONFIG=2 -AIDLOC=02000h-02003h -DIDLOC=2 \
  -AEEDATA=00h-0FFh/02100h -peeprom_data=EEDATA -DEEDATA=2 -DCODE=2 \
  -DSTRCODE=2 -DSTRING=2 -DCONST=2 -DENTRY=2 \
  -preset_vec=00h,intentry,sivt,init,end_init -ppowerup=CODE -pcinit=CODE \
  -pfunctab=ENTRY -k \
  C:\Users\arthu\AppData\Local\Temp\xcAs2hk.\driver_tmp_12.o \
  dist/default/production\carga_eletronica.X.production.o 

Object code version is 3.11

Machine type is 16F877A



                Name                               Link     Load   Length Selector   Space Scale
C:\Users\arthu\AppData\Local\Temp\xcAs2hk.\driver_tmp_12.o
                end_init                              0        0        3        0       0
                config                             2007     2007        1        0       4
dist/default/production\carga_eletronica.X.production.o
                cinit                               7FC      7FC        4      FF8       0
                config                             2007     2007        1        0       4
                text9                               67E      67E       23      CFC       0
                text8                               750      750       53      EA0       0
                text7                               6CB      6CB       2B      D96       0
                text6                               64E      64E        5      C9C       0
                text5                               653      653       10      CA6       0
                text4                               7A3      7A3       59      F46       0
                text3                               6F6      6F6       2D      DEC       0
                text2                               723      723       2D      E46       0
                text1                               663      663       1B      CC6       0
                maintext                            6A1      6A1       2A      D42       0
                cstackCOMMON                         70       70        E       70       1
                strings                               3        3       27        6       0

TOTAL           Name                               Link     Load   Length     Space
        CLASS   CODE           
                end_init                              0        0        3         0
                cinit                               7FC      7FC        4         0
                text9                               67E      67E       23         0
                text8                               750      750       53         0
                text7                               6CB      6CB       2B         0
                text6                               64E      64E        5         0
                text5                               653      653       10         0
                text4                               7A3      7A3       59         0
                text3                               6F6      6F6       2D         0
                text2                               723      723       2D         0
                text1                               663      663       1B         0
                maintext                            6A1      6A1       2A         0

        CLASS   STRCODE        

        CLASS   STRING         
                strings                               3        3       27         0

        CLASS   CONST          

        CLASS   ENTRY          

        CLASS   COMMON         
                cstackCOMMON                         70       70        E         1

        CLASS   BANK0          

        CLASS   BANK1          

        CLASS   BANK2          

        CLASS   BANK3          

        CLASS   RAM            

        CLASS   ABS1           
                abs_s1                               7E       7E        2         1

        CLASS   SFR0           

        CLASS   SFR1           

        CLASS   SFR2           

        CLASS   SFR3           

        CLASS   CONFIG         
                config                             2007     2007        1         4

        CLASS   IDLOC          

        CLASS   EEDATA         

        CLASS   HEAP           

        CLASS   STACK          



SEGMENTS        Name                           Load    Length   Top    Selector   Space  Class     Delta

                reset_vec                      000000  000003  000003         0       0  CODE        2
                strings                        000003  000027  00002A         6       0  STRING      2
                cstackCOMMON                   000070  00000E  00007E        70       1  COMMON      1
                text6                          00064E  000005  000653       C9C       0  CODE        2
                text5                          000653  000010  000663       CA6       0  CODE        2
                text1                          000663  00001B  00067E       CC6       0  CODE        2
                text9                          00067E  000023  0006A1       CFC       0  CODE        2
                maintext                       0006A1  00002A  0006CB       D42       0  CODE        2
                text7                          0006CB  00002B  0006F6       D96       0  CODE        2
                text3                          0006F6  00002D  000723       DEC       0  CODE        2
                text2                          000723  00002D  000750       E46       0  CODE        2
                text8                          000750  000053  0007A3       EA0       0  CODE        2
                text4                          0007A3  000059  0007FC       F46       0  CODE        2
                cinit                          0007FC  000004  000800       FF8       0  CODE        2


UNUSED ADDRESS RANGES

        Name                Unused          Largest block    Delta
        BANK0            0020-006F             50           1
        BANK1            00A0-00EF             50           1
        BANK2            0110-016F             60           1
        BANK3            0190-01EF             60           1
        CODE             002A-064D            624           2
                         0800-1FFF            800
        CONST            002A-064D            100           2
                         0800-1FFF            100
        EEDATA           2100-21FF            100           2
        ENTRY            002A-064D            100           2
                         0800-1FFF            100
        IDLOC            2000-2003              4           2
        RAM              0020-006F             50           1
                         00A0-00EF             50
                         0110-016F             60
                         0190-01EF             60
        SFR0             0000-001F             20           1
        SFR1             0080-009F             20           1
        SFR2             0100-010F             10           1
        SFR3             0180-018F             10           1
        STRCODE          002A-064D            624           2
                         0800-1FFF           1800
        STRING           002A-064D            100           2
                         0800-1FFF            100

                                  Symbol Table

_PORTDbits                (abs)        0008
_TRISD                    (abs)        0088
__H__absolute__           __absolute__ 0000
__Habs1                   abs1         0000
__Hbank0                  bank0        0000
__Hbank1                  bank1        0000
__Hbank2                  bank2        0000
__Hbank3                  bank3        0000
__Hcinit                  cinit        0800
__Hclrtext                clrtext      0000
__Hcode                   code         0000
__Hcommon                 common       0000
__Hconfig                 config       2008
__HcstackCOMMON           cstackCOMMON 0000
__Heeprom_data            eeprom_data  0000
__Hend_init               end_init     0003
__Hfunctab                functab      0000
__Hheap                   heap         0000
__Hinit                   init         0000
__Hintentry               intentry     0000
__Hmaintext               maintext     0000
__Hpowerup                powerup      0000
__Hram                    ram          0000
__Hreset_vec              reset_vec    0000
__Hsfr0                   sfr0         0000
__Hsfr1                   sfr1         0000
__Hsfr2                   sfr2         0000
__Hsfr3                   sfr3         0000
__Hsivt                   sivt         0000
__Hspace_0                (abs)        0800
__Hspace_1                (abs)        007E
__Hspace_2                (abs)        0000
__Hspace_3                (abs)        0000
__Hspace_4                (abs)        400F
__Hstack                  stack        0000
__Hstrings                strings      0000
__Htext                   text         0000
__L__absolute__           __absolute__ 0000
__Labs1                   abs1         0000
__Lbank0                  bank0        0000
__Lbank1                  bank1        0000
__Lbank2                  bank2        0000
__Lbank3                  bank3        0000
__Lcinit                  cinit        07FC
__Lclrtext                clrtext      0000
__Lcode                   code         0000
__Lcommon                 common       0000
__Lconfig                 config       0000
__LcstackCOMMON           cstackCOMMON 0000
__Leeprom_data            eeprom_data  0000
__Lend_init               end_init     0000
__Lfunctab                functab      0000
__Lheap                   heap         0000
__Linit                   init         0000
__Lintentry               intentry     0000
__Lmaintext               maintext     0000
__Lpowerup                powerup      0000
__Lram                    ram          0000
__Lreset_vec              reset_vec    0000
__Lsfr0                   sfr0         0000
__Lsfr1                   sfr1         0000
__Lsfr2                   sfr2         0000
__Lsfr3                   sfr3         0000
__Lsivt                   sivt         0000
__Lspace_0                (abs)        0000
__Lspace_1                (abs)        0000
__Lspace_2                (abs)        0000
__Lspace_3                (abs)        0000
__Lspace_4                (abs)        0000
__Lstack                  stack        0000
__Lstrings                strings      0000
__Ltext                   text         0000
__S0                      (abs)        0800
__S1                      (abs)        007E
__S3                      (abs)        0000
___heap_hi                (abs)        0000
___heap_lo                (abs)        0000
___int_sp                 stack        0000
___int_stack_hi           stack        0000
___int_stack_lo           stack        0000
___latbits                (abs)        0002
___sp                     stack        0000
___stack_hi               stack        0000
___stack_lo               stack        0000
___stackhi                (abs)        0000
___stacklo                (abs)        0000
__end_of__initialization  cinit        07FC
__end_of__stringtab       strings      0013
__end_of_lcd_blink        text6        0653
__end_of_lcd_clear        text5        0663
__end_of_lcd_command      text7        06F6
__end_of_lcd_init         text4        07FC
__end_of_lcd_print        text2        0750
__end_of_lcd_set_cursor   text1        067E
__end_of_lcd_write_char   text3        0723
__end_of_lcd_write_nibble text8        07A3
__end_of_main             maintext     06CB
__end_of_pulse_enable     text9        06A1
__initialization          cinit        07FC
__pcstackCOMMON           cstackCOMMON 0070
__pmaintext               maintext     06A1
__pstrings                strings      0003
__ptext1                  text1        0663
__ptext2                  text2        0723
__ptext3                  text3        06F6
__ptext4                  text4        07A3
__ptext5                  text5        0653
__ptext6                  text6        064E
__ptext7                  text7        06CB
__ptext8                  text8        0750
__ptext9                  text9        067E
__stringbase              strings      0012
__stringtab               strings      0003
_lcd_blink                text6        064E
_lcd_clear                text5        0653
_lcd_command              text7        06CB
_lcd_init                 text4        07A3
_lcd_print                text2        0723
_lcd_set_cursor           text1        0663
_lcd_write_char           text3        06F6
_lcd_write_nibble         text8        0750
_main                     maintext     06A1
_pulse_enable             text9        067E
btemp                     (abs)        007E
end_of_initialization     cinit        07FC
intlevel0                 functab      0000
intlevel1                 functab      0000
intlevel2                 functab      0000
intlevel3                 functab      0000
intlevel4                 functab      0000
intlevel5                 functab      0000
lcd_command@cmd           cstackCOMMON 0078
lcd_print@str             cstackCOMMON 0079
lcd_set_cursor@col        cstackCOMMON 007C
lcd_set_cursor@row        cstackCOMMON 0079
lcd_write_char@data       cstackCOMMON 0078
lcd_write_nibble@ch       cstackCOMMON 0075
lcd_write_nibble@rs       cstackCOMMON 0072
reset_vec                 reset_vec    0000
start                     init         0000
start_initialization      cinit        07FC
wtemp0                    (abs)        007E


MODULE INFORMATION

Module		Function		Class		Link	Load	Size
HD44780.c
		_lcd_write_char		CODE           	06F6	0000	45
		_lcd_command   		CODE           	06CB	0000	43
		_lcd_blink     		CODE           	064E	0000	5
		_lcd_set_cursor		CODE           	0663	0000	27
		_lcd_clear     		CODE           	0653	0000	16
		_lcd_print     		CODE           	0723	0000	45
		_lcd_write_nibble		CODE           	0750	0000	83
		_pulse_enable  		CODE           	067E	0000	35
		_lcd_init      		CODE           	07A3	0000	89

HD44780.c estimated size: 388

shared
		__stringtab    		STRING         	0003	0000	16
		__initialization		CODE           	07FC	0000	1

shared estimated size: 17

main.c
		_main          		CODE           	06A1	0000	42

main.c estimated size: 42

